// Jest Snapshot v1, https://goo.gl/fbAQLP

exports[`lookup with modifiers 1`] = `"isActive-outer isActive-css"`;
